---
source: crates/rome_js_formatter/tests/prettier_tests.rs
expression: call_comment.js
---
# Input
```js
render( // Warm any cache
  <ChildUpdates renderAnchor={true} anchorClassOn={true} />,
  container
);

React.render( // Warm any cache
  <ChildUpdates renderAnchor={true} anchorClassOn={true} />,
  container
);

render?.( // Warm any cache
  <ChildUpdates renderAnchor={true} anchorClassOn={true} />,
  container
);

```

# Output
```js
render(
  <ChildUpdates
    // Warm any cache
    renderAnchor={true}
    anchorClassOn={true}
  />,
  container,
);

React.render(
  <ChildUpdates
    // Warm any cache
    renderAnchor={true}
    anchorClassOn={true}
  />,
  container,
);

render?.(
  <ChildUpdates
    // Warm any cache
    renderAnchor={true}
    anchorClassOn={true}
  />,
  container,
);

```


