---
source: crates/rome_js_formatter/tests/prettier_tests.rs
assertion_line: 182
expression: identifier.js
---
# Input
```js
const kochabCooieGameOnOboleUnweave = // ???
      annularCooeedSplicesWalksWayWay;

const bifornCringerMoshedPerplexSawder = // !!!
  glimseGlyphsHazardNoopsTieTie +
  averredBathersBoxroomBuggyNurl -
  anodyneCondosMalateOverateRetinol;

```

# Output
```js
const kochabCooieGameOnOboleUnweave = // ???
  annularCooeedSplicesWalksWayWay;

const bifornCringerMoshedPerplexSawder = // !!!
  glimseGlyphsHazardNoopsTieTie + averredBathersBoxroomBuggyNurl - anodyneCondosMalateOverateRetinol;

```

# Lines exceeding max width of 80 characters
```
    5:   glimseGlyphsHazardNoopsTieTie + averredBathersBoxroomBuggyNurl - anodyneCondosMalateOverateRetinol;
```

